// Jest Snapshot v1, https://goo.gl/fbAQLP

exports[`Winter Solstice Calculator matches snapshot 1`] = `
<div>
  <div
    class="min-h-screen bg-gray-700 flex flex-col items-center justify-center p-4"
  >
    <h1
      class="text-3xl font-bold mb-4"
    >
      Winter Solstice Calculator
    </h1>
    <div
      class="bg-gray-800 p-6 rounded-lg shadow-md w-full max-w-md"
    >
      <p
        class="mb-4"
        data-testid="current-date-time"
      >
        Current day, date, and time: 
        6/21/2023, 12:00:00 PM
      </p>
      <p
        class="mb-4"
      >
        Choose a city to see how much longer the day is:
      </p>
      <ul
        class="mb-4"
      >
        <li
          class="mb-2 cursor-pointer"
        >
          Press 
          <strong>
            1
          </strong>
           for 
          Oslo
        </li>
        <li
          class="mb-2 cursor-pointer"
        >
          Press 
          <strong>
            2
          </strong>
           for 
          Bergen
        </li>
        <li
          class="mb-2 cursor-pointer"
        >
          Press 
          <strong>
            3
          </strong>
           for 
          Trondheim
        </li>
        <li
          class="mb-2 cursor-pointer"
        >
          Press 
          <strong>
            4
          </strong>
           for 
          Troms√∏
        </li>
        <li
          class="mb-2 cursor-pointer"
        >
          Press 
          <strong>
            5
          </strong>
           for 
          Stavanger
        </li>
        <li
          class="mb-2 cursor-pointer"
        >
          Press 
          <strong>
            6
          </strong>
           for 
          Kristiansand
        </li>
        <li
          class="mb-2 cursor-pointer"
        >
          Press 
          <strong>
            7
          </strong>
           for 
          Fredrikstad
        </li>
        <li
          class="mb-2 cursor-pointer"
        >
          Press 
          <strong>
            8
          </strong>
           for 
          Longyearbyen
        </li>
      </ul>
      <div
        class="sun-container mt-4"
      >
        <div
          class="sun"
        />
      </div>
    </div>
  </div>
</div>
`;
